------------------------------------------------------------
TimeQuest Timing Analyzer Summary
------------------------------------------------------------

Type  : Slow 1100mV 85C Model Setup 'CLOCK'
Slack : -1.260
TNS   : -35.803

Type  : Slow 1100mV 85C Model Hold 'CLOCK'
Slack : 0.669
TNS   : 0.000

Type  : Slow 1100mV 85C Model Minimum Pulse Width 'CLOCK'
Slack : -0.394
TNS   : -15.386

Type  : Slow 1100mV 0C Model Setup 'CLOCK'
Slack : -1.205
TNS   : -34.713

Type  : Slow 1100mV 0C Model Hold 'CLOCK'
Slack : 0.711
TNS   : 0.000

Type  : Slow 1100mV 0C Model Minimum Pulse Width 'CLOCK'
Slack : -0.394
TNS   : -16.404

Type  : Fast 1100mV 85C Model Setup 'CLOCK'
Slack : -0.281
TNS   : -7.545

Type  : Fast 1100mV 85C Model Hold 'CLOCK'
Slack : 0.300
TNS   : 0.000

Type  : Fast 1100mV 85C Model Minimum Pulse Width 'CLOCK'
Slack : -0.079
TNS   : -2.240

Type  : Fast 1100mV 0C Model Setup 'CLOCK'
Slack : -0.188
TNS   : -4.780

Type  : Fast 1100mV 0C Model Hold 'CLOCK'
Slack : 0.294
TNS   : 0.000

Type  : Fast 1100mV 0C Model Minimum Pulse Width 'CLOCK'
Slack : -0.079
TNS   : -2.256

------------------------------------------------------------
